0 verbose cli C:\Program Files\nodejs\node.exe C:\Users\fsanchez.NIPPONCARSRL\AppData\Roaming\npm\node_modules\npm\bin\npm-cli.js
1 info using npm@10.2.3
2 info using node@v22.22.0
3 timing npm:load:whichnode Completed in 5ms
4 timing config:load:defaults Completed in 7ms
5 timing config:load:file:C:\Users\fsanchez.NIPPONCARSRL\AppData\Roaming\npm\node_modules\npm\npmrc Completed in 8ms
6 timing config:load:builtin Completed in 8ms
7 timing config:load:cli Completed in 6ms
8 timing config:load:env Completed in 1ms
9 timing config:load:file:C:\apps\instaPresi\react\demo\.npmrc Completed in 0ms
10 timing config:load:project Completed in 7ms
11 timing config:load:file:C:\Users\fsanchez.NIPPONCARSRL\.npmrc Completed in 6ms
12 timing config:load:user Completed in 6ms
13 timing config:load:file:C:\Users\fsanchez.NIPPONCARSRL\AppData\Roaming\npm\etc\npmrc Completed in 1ms
14 timing config:load:global Completed in 1ms
15 timing config:load:setEnvs Completed in 2ms
16 timing config:load Completed in 40ms
17 timing npm:load:configload Completed in 43ms
18 timing config:load:flatten Completed in 8ms
19 timing npm:load:mkdirpcache Completed in 2ms
20 timing npm:load:mkdirplogs Completed in 1ms
21 verbose title npm install
22 verbose argv "install"
23 timing npm:load:setTitle Completed in 2ms
24 timing npm:load:display Completed in 2ms
25 verbose logfile logs-max:10 dir:C:\apps\instaPresi\react\demo\npm-cache\_logs\2026-05-15T02_22_09_231Z-
26 verbose logfile C:\apps\instaPresi\react\demo\npm-cache\_logs\2026-05-15T02_22_09_231Z-debug-0.log
27 timing npm:load:logFile Completed in 34ms
28 timing npm:load:timers Completed in 0ms
29 timing npm:load:configScope Completed in 0ms
30 timing npm:load Completed in 169ms
31 timing arborist:ctor Completed in 2ms
32 silly logfile done cleaning log files
33 timing idealTree:init Completed in 64ms
34 timing idealTree:userRequests Completed in 1ms
35 silly idealTree buildDeps
36 silly fetch manifest react@^19.2.4
37 http fetch GET 200 https://registry.npmjs.org/npm 476ms (cache miss)
38 http fetch GET 200 https://registry.npmjs.org/react 764ms (cache miss)
39 silly fetch manifest react-dom@^19.2.4
40 http fetch GET 200 https://registry.npmjs.org/react-dom 521ms (cache miss)
41 silly fetch manifest @types/react@^19.2.14
42 http fetch GET 200 https://registry.npmjs.org/@types%2freact 520ms (cache miss)
43 silly fetch manifest @types/react-dom@^19.2.3
44 http fetch GET 200 https://registry.npmjs.org/@types%2freact-dom 467ms (cache miss)
45 silly placeDep ROOT @types/react@19.2.14 OK for:  want: ^19.2.14
46 silly fetch manifest csstype@^3.2.2
47 silly placeDep ROOT @types/react-dom@19.2.3 OK for:  want: ^19.2.3
48 silly placeDep ROOT react@19.2.6 OK for:  want: ^19.2.4
49 silly placeDep ROOT react-dom@19.2.6 OK for:  want: ^19.2.4
50 silly fetch manifest scheduler@^0.27.0
51 http fetch GET 200 https://registry.npmjs.org/csstype 260ms (cache miss)
52 http fetch GET 200 https://registry.npmjs.org/scheduler 432ms (cache miss)
53 timing idealTree:#root Completed in 2834ms
54 silly fetch manifest @emnapi/core@^1.7.1
55 http fetch GET 200 https://registry.npmjs.org/@emnapi%2fcore 244ms (cache miss)
56 silly fetch manifest @emnapi/runtime@^1.7.1
57 http fetch GET 200 https://registry.npmjs.org/@emnapi%2fruntime 236ms (cache miss)
58 silly placeDep ROOT @emnapi/core@1.10.0 OK for: @napi-rs/wasm-runtime@1.1.2 want: ^1.7.1
59 silly fetch manifest @emnapi/wasi-threads@1.2.1
60 silly placeDep ROOT @emnapi/runtime@1.10.0 OK for: @napi-rs/wasm-runtime@1.1.2 want: ^1.7.1
61 http fetch GET 200 https://registry.npmjs.org/@emnapi%2fwasi-threads 249ms (cache miss)
62 timing idealTree:node_modules/@napi-rs/wasm-runtime Completed in 739ms
63 silly placeDep ROOT @emnapi/wasi-threads@1.2.1 REPLACE for: @emnapi/core@1.10.0 want: 1.2.1
64 timing idealTree:node_modules/@emnapi/core Completed in 5ms
65 timing idealTree:node_modules/@emnapi/runtime Completed in 0ms
66 timing idealTree:node_modules/@emnapi/wasi-threads Completed in 0ms
67 silly placeDep ROOT csstype@3.2.3 OK for: @types/react@19.2.14 want: ^3.2.2
68 timing idealTree:node_modules/@types/react Completed in 2ms
69 timing idealTree:node_modules/@types/react-dom Completed in 0ms
70 timing idealTree:node_modules/csstype Completed in 0ms
71 timing idealTree:node_modules/react Completed in 0ms
72 silly placeDep ROOT scheduler@0.27.0 OK for: react-dom@19.2.6 want: ^0.27.0
73 timing idealTree:node_modules/react-dom Completed in 3ms
74 timing idealTree:node_modules/scheduler Completed in 0ms
75 timing idealTree:buildDeps Completed in 3587ms
76 timing idealTree:fixDepFlags Completed in 1ms
77 timing idealTree Completed in 3656ms
78 timing reify:loadTrees Completed in 3658ms
79 timing reify:diffTrees Completed in 3ms
80 silly reify moves {}
81 timing reify:retireShallow Completed in 1ms
82 timing reify:createSparse Completed in 33ms
83 timing reify:loadBundles Completed in 0ms
84 silly audit bulk request {
84 silly audit   instaPresi: [ '6.0.1' ],
84 silly audit   '@napi-rs/wasm-runtime': [ '1.1.2' ],
84 silly audit   '@oxc-project/types': [ '0.122.0' ],
84 silly audit   '@rolldown/binding-android-arm64': [ '1.0.0-rc.12' ],
84 silly audit   '@rolldown/binding-darwin-arm64': [ '1.0.0-rc.12' ],
84 silly audit   '@rolldown/binding-darwin-x64': [ '1.0.0-rc.12' ],
84 silly audit   '@rolldown/binding-freebsd-x64': [ '1.0.0-rc.12' ],
84 silly audit   '@rolldown/binding-linux-arm-gnueabihf': [ '1.0.0-rc.12' ],
84 silly audit   '@rolldown/binding-linux-arm64-gnu': [ '1.0.0-rc.12' ],
84 silly audit   '@rolldown/binding-linux-arm64-musl': [ '1.0.0-rc.12' ],
84 silly audit   '@rolldown/binding-linux-ppc64-gnu': [ '1.0.0-rc.12' ],
84 silly audit   '@rolldown/binding-linux-s390x-gnu': [ '1.0.0-rc.12' ],
84 silly audit   '@rolldown/binding-linux-x64-gnu': [ '1.0.0-rc.12' ],
84 silly audit   '@rolldown/binding-linux-x64-musl': [ '1.0.0-rc.12' ],
84 silly audit   '@rolldown/binding-openharmony-arm64': [ '1.0.0-rc.12' ],
84 silly audit   '@rolldown/binding-wasm32-wasi': [ '1.0.0-rc.12' ],
84 silly audit   '@rolldown/binding-win32-arm64-msvc': [ '1.0.0-rc.12' ],
84 silly audit   '@rolldown/binding-win32-x64-msvc': [ '1.0.0-rc.12' ],
84 silly audit   '@rolldown/pluginutils': [ '1.0.0-rc.7', '1.0.0-rc.12' ],
84 silly audit   '@tybys/wasm-util': [ '0.10.1' ],
84 silly audit   '@vitejs/plugin-react': [ '6.0.1' ],
84 silly audit   'detect-libc': [ '2.1.2' ],
84 silly audit   fdir: [ '6.5.0' ],
84 silly audit   fsevents: [ '2.3.3' ],
84 silly audit   lightningcss: [ '1.32.0' ],
84 silly audit   'lightningcss-android-arm64': [ '1.32.0' ],
84 silly audit   'lightningcss-darwin-arm64': [ '1.32.0' ],
84 silly audit   'lightningcss-darwin-x64': [ '1.32.0' ],
84 silly audit   'lightningcss-freebsd-x64': [ '1.32.0' ],
84 silly audit   'lightningcss-linux-arm-gnueabihf': [ '1.32.0' ],
84 silly audit   'lightningcss-linux-arm64-gnu': [ '1.32.0' ],
84 silly audit   'lightningcss-linux-arm64-musl': [ '1.32.0' ],
84 silly audit   'lightningcss-linux-x64-gnu': [ '1.32.0' ],
84 silly audit   'lightningcss-linux-x64-musl': [ '1.32.0' ],
84 silly audit   'lightningcss-win32-arm64-msvc': [ '1.32.0' ],
84 silly audit   'lightningcss-win32-x64-msvc': [ '1.32.0' ],
84 silly audit   nanoid: [ '3.3.11' ],
84 silly audit   picocolors: [ '1.1.1' ],
84 silly audit   picomatch: [ '4.0.4' ],
84 silly audit   postcss: [ '8.5.8' ],
84 silly audit   rolldown: [ '1.0.0-rc.12' ],
84 silly audit   'source-map-js': [ '1.2.1' ],
84 silly audit   tinyglobby: [ '0.2.15' ],
84 silly audit   tslib: [ '2.8.1' ],
84 silly audit   typescript: [ '6.0.2' ],
84 silly audit   vite: [ '8.0.3' ],
84 silly audit   '@types/react': [ '19.2.14' ],
84 silly audit   '@types/react-dom': [ '19.2.3' ],
84 silly audit   react: [ '19.2.6' ],
84 silly audit   'react-dom': [ '19.2.6' ],
84 silly audit   '@emnapi/core': [ '1.10.0' ],
84 silly audit   '@emnapi/runtime': [ '1.10.0' ],
84 silly audit   '@emnapi/wasi-threads': [ '1.2.1' ],
84 silly audit   csstype: [ '3.2.3' ],
84 silly audit   scheduler: [ '0.27.0' ]
84 silly audit }
85 verbose reify failed optional dependency C:\apps\instaPresi\react\demo\node_modules\lightningcss-win32-arm64-msvc
86 silly reify mark deleted [
86 silly reify   'C:\\apps\\instaPresi\\react\\demo\\node_modules\\lightningcss-win32-arm64-msvc'
86 silly reify ]
87 verbose reify failed optional dependency C:\apps\instaPresi\react\demo\node_modules\lightningcss-linux-x64-musl
88 silly reify mark deleted [
88 silly reify   'C:\\apps\\instaPresi\\react\\demo\\node_modules\\lightningcss-linux-x64-musl'
88 silly reify ]
89 verbose reify failed optional dependency C:\apps\instaPresi\react\demo\node_modules\lightningcss-linux-x64-gnu
90 silly reify mark deleted [
90 silly reify   'C:\\apps\\instaPresi\\react\\demo\\node_modules\\lightningcss-linux-x64-gnu'
90 silly reify ]
91 verbose reify failed optional dependency C:\apps\instaPresi\react\demo\node_modules\lightningcss-linux-arm64-musl
92 silly reify mark deleted [
92 silly reify   'C:\\apps\\instaPresi\\react\\demo\\node_modules\\lightningcss-linux-arm64-musl'
92 silly reify ]
93 verbose reify failed optional dependency C:\apps\instaPresi\react\demo\node_modules\lightningcss-linux-arm64-gnu
94 silly reify mark deleted [
94 silly reify   'C:\\apps\\instaPresi\\react\\demo\\node_modules\\lightningcss-linux-arm64-gnu'
94 silly reify ]
95 verbose reify failed optional dependency C:\apps\instaPresi\react\demo\node_modules\lightningcss-linux-arm-gnueabihf
96 silly reify mark deleted [
96 silly reify   'C:\\apps\\instaPresi\\react\\demo\\node_modules\\lightningcss-linux-arm-gnueabihf'
96 silly reify ]
97 verbose reify failed optional dependency C:\apps\instaPresi\react\demo\node_modules\lightningcss-freebsd-x64
98 silly reify mark deleted [
98 silly reify   'C:\\apps\\instaPresi\\react\\demo\\node_modules\\lightningcss-freebsd-x64'
98 silly reify ]
99 verbose reify failed optional dependency C:\apps\instaPresi\react\demo\node_modules\lightningcss-darwin-x64
100 silly reify mark deleted [
100 silly reify   'C:\\apps\\instaPresi\\react\\demo\\node_modules\\lightningcss-darwin-x64'
100 silly reify ]
101 verbose reify failed optional dependency C:\apps\instaPresi\react\demo\node_modules\lightningcss-darwin-arm64
102 silly reify mark deleted [
102 silly reify   'C:\\apps\\instaPresi\\react\\demo\\node_modules\\lightningcss-darwin-arm64'
102 silly reify ]
103 verbose reify failed optional dependency C:\apps\instaPresi\react\demo\node_modules\lightningcss-android-arm64
104 silly reify mark deleted [
104 silly reify   'C:\\apps\\instaPresi\\react\\demo\\node_modules\\lightningcss-android-arm64'
104 silly reify ]
105 verbose reify failed optional dependency C:\apps\instaPresi\react\demo\node_modules\fsevents
106 silly reify mark deleted [ 'C:\\apps\\instaPresi\\react\\demo\\node_modules\\fsevents' ]
107 verbose reify failed optional dependency C:\apps\instaPresi\react\demo\node_modules\@rolldown\binding-win32-arm64-msvc
108 silly reify mark deleted [
108 silly reify   'C:\\apps\\instaPresi\\react\\demo\\node_modules\\@rolldown\\binding-win32-arm64-msvc'
108 silly reify ]
109 verbose reify failed optional dependency C:\apps\instaPresi\react\demo\node_modules\@rolldown\binding-wasm32-wasi
110 silly reify mark deleted [
110 silly reify   'C:\\apps\\instaPresi\\react\\demo\\node_modules\\@rolldown\\binding-wasm32-wasi'
110 silly reify ]
111 verbose reify failed optional dependency C:\apps\instaPresi\react\demo\node_modules\@napi-rs\wasm-runtime
112 silly reify mark deleted [
112 silly reify   'C:\\apps\\instaPresi\\react\\demo\\node_modules\\@napi-rs\\wasm-runtime'
112 silly reify ]
113 verbose reify failed optional dependency C:\apps\instaPresi\react\demo\node_modules\@emnapi\core
114 silly reify mark deleted [ 'C:\\apps\\instaPresi\\react\\demo\\node_modules\\@emnapi\\core' ]
115 verbose reify failed optional dependency C:\apps\instaPresi\react\demo\node_modules\@emnapi\runtime
116 silly reify mark deleted [ 'C:\\apps\\instaPresi\\react\\demo\\node_modules\\@emnapi\\runtime' ]
117 verbose reify failed optional dependency C:\apps\instaPresi\react\demo\node_modules\@tybys\wasm-util
118 silly reify mark deleted [
118 silly reify   'C:\\apps\\instaPresi\\react\\demo\\node_modules\\@tybys\\wasm-util'
118 silly reify ]
119 verbose reify failed optional dependency C:\apps\instaPresi\react\demo\node_modules\@emnapi\wasi-threads
120 silly reify mark deleted [
120 silly reify   'C:\\apps\\instaPresi\\react\\demo\\node_modules\\@emnapi\\wasi-threads'
120 silly reify ]
121 verbose reify failed optional dependency C:\apps\instaPresi\react\demo\node_modules\tslib
122 silly reify mark deleted [ 'C:\\apps\\instaPresi\\react\\demo\\node_modules\\tslib' ]
123 verbose reify failed optional dependency C:\apps\instaPresi\react\demo\node_modules\@rolldown\binding-openharmony-arm64
124 silly reify mark deleted [
124 silly reify   'C:\\apps\\instaPresi\\react\\demo\\node_modules\\@rolldown\\binding-openharmony-arm64'
124 silly reify ]
125 verbose reify failed optional dependency C:\apps\instaPresi\react\demo\node_modules\@rolldown\binding-linux-x64-musl
126 silly reify mark deleted [
126 silly reify   'C:\\apps\\instaPresi\\react\\demo\\node_modules\\@rolldown\\binding-linux-x64-musl'
126 silly reify ]
127 verbose reify failed optional dependency C:\apps\instaPresi\react\demo\node_modules\@rolldown\binding-linux-x64-gnu
128 silly reify mark deleted [
128 silly reify   'C:\\apps\\instaPresi\\react\\demo\\node_modules\\@rolldown\\binding-linux-x64-gnu'
128 silly reify ]
129 verbose reify failed optional dependency C:\apps\instaPresi\react\demo\node_modules\@rolldown\binding-linux-s390x-gnu
130 silly reify mark deleted [
130 silly reify   'C:\\apps\\instaPresi\\react\\demo\\node_modules\\@rolldown\\binding-linux-s390x-gnu'
130 silly reify ]
131 verbose reify failed optional dependency C:\apps\instaPresi\react\demo\node_modules\@rolldown\binding-linux-ppc64-gnu
132 silly reify mark deleted [
132 silly reify   'C:\\apps\\instaPresi\\react\\demo\\node_modules\\@rolldown\\binding-linux-ppc64-gnu'
132 silly reify ]
133 verbose reify failed optional dependency C:\apps\instaPresi\react\demo\node_modules\@rolldown\binding-linux-arm64-musl
134 silly reify mark deleted [
134 silly reify   'C:\\apps\\instaPresi\\react\\demo\\node_modules\\@rolldown\\binding-linux-arm64-musl'
134 silly reify ]
135 verbose reify failed optional dependency C:\apps\instaPresi\react\demo\node_modules\@rolldown\binding-linux-arm64-gnu
136 silly reify mark deleted [
136 silly reify   'C:\\apps\\instaPresi\\react\\demo\\node_modules\\@rolldown\\binding-linux-arm64-gnu'
136 silly reify ]
137 verbose reify failed optional dependency C:\apps\instaPresi\react\demo\node_modules\@rolldown\binding-linux-arm-gnueabihf
138 silly reify mark deleted [
138 silly reify   'C:\\apps\\instaPresi\\react\\demo\\node_modules\\@rolldown\\binding-linux-arm-gnueabihf'
138 silly reify ]
139 verbose reify failed optional dependency C:\apps\instaPresi\react\demo\node_modules\@rolldown\binding-freebsd-x64
140 silly reify mark deleted [
140 silly reify   'C:\\apps\\instaPresi\\react\\demo\\node_modules\\@rolldown\\binding-freebsd-x64'
140 silly reify ]
141 verbose reify failed optional dependency C:\apps\instaPresi\react\demo\node_modules\@rolldown\binding-darwin-x64
142 silly reify mark deleted [
142 silly reify   'C:\\apps\\instaPresi\\react\\demo\\node_modules\\@rolldown\\binding-darwin-x64'
142 silly reify ]
143 verbose reify failed optional dependency C:\apps\instaPresi\react\demo\node_modules\@rolldown\binding-darwin-arm64
144 silly reify mark deleted [
144 silly reify   'C:\\apps\\instaPresi\\react\\demo\\node_modules\\@rolldown\\binding-darwin-arm64'
144 silly reify ]
145 verbose reify failed optional dependency C:\apps\instaPresi\react\demo\node_modules\@rolldown\binding-android-arm64
146 silly reify mark deleted [
146 silly reify   'C:\\apps\\instaPresi\\react\\demo\\node_modules\\@rolldown\\binding-android-arm64'
146 silly reify ]
147 timing reifyNode:node_modules/lightningcss-win32-arm64-msvc Completed in 21ms
148 timing reifyNode:node_modules/lightningcss-linux-x64-musl Completed in 21ms
149 timing reifyNode:node_modules/lightningcss-linux-x64-gnu Completed in 21ms
150 timing reifyNode:node_modules/lightningcss-linux-arm64-musl Completed in 22ms
151 timing reifyNode:node_modules/lightningcss-linux-arm64-gnu Completed in 22ms
152 timing reifyNode:node_modules/lightningcss-linux-arm-gnueabihf Completed in 22ms
153 timing reifyNode:node_modules/lightningcss-freebsd-x64 Completed in 22ms
154 timing reifyNode:node_modules/lightningcss-darwin-x64 Completed in 22ms
155 timing reifyNode:node_modules/lightningcss-darwin-arm64 Completed in 22ms
156 timing reifyNode:node_modules/lightningcss-android-arm64 Completed in 22ms
157 timing reifyNode:node_modules/fsevents Completed in 22ms
158 timing reifyNode:node_modules/@rolldown/binding-win32-arm64-msvc Completed in 21ms
159 timing reifyNode:node_modules/@rolldown/binding-wasm32-wasi Completed in 21ms
160 timing reifyNode:node_modules/@rolldown/binding-openharmony-arm64 Completed in 21ms
161 timing reifyNode:node_modules/@rolldown/binding-linux-x64-musl Completed in 21ms
162 timing reifyNode:node_modules/@rolldown/binding-linux-x64-gnu Completed in 21ms
163 timing reifyNode:node_modules/@rolldown/binding-linux-s390x-gnu Completed in 21ms
164 timing reifyNode:node_modules/@rolldown/binding-linux-ppc64-gnu Completed in 21ms
165 timing reifyNode:node_modules/@rolldown/binding-linux-arm64-musl Completed in 21ms
166 timing reifyNode:node_modules/@rolldown/binding-linux-arm64-gnu Completed in 22ms
167 timing reifyNode:node_modules/@rolldown/binding-linux-arm-gnueabihf Completed in 22ms
168 timing reifyNode:node_modules/@rolldown/binding-freebsd-x64 Completed in 22ms
169 timing reifyNode:node_modules/@rolldown/binding-darwin-x64 Completed in 22ms
170 timing reifyNode:node_modules/@rolldown/binding-darwin-arm64 Completed in 22ms
171 timing reifyNode:node_modules/@rolldown/binding-android-arm64 Completed in 22ms
172 timing reifyNode:node_modules/reveal.js Completed in 41ms
173 silly tarball no local data for scheduler@https://registry.npmjs.org/scheduler/-/scheduler-0.27.0.tgz. Extracting by manifest.
174 silly tarball no local data for csstype@https://registry.npmjs.org/csstype/-/csstype-3.2.3.tgz. Extracting by manifest.
175 silly tarball no local data for @emnapi/wasi-threads@https://registry.npmjs.org/@emnapi/wasi-threads/-/wasi-threads-1.2.1.tgz. Extracting by manifest.
176 silly tarball no local data for @emnapi/runtime@https://registry.npmjs.org/@emnapi/runtime/-/runtime-1.10.0.tgz. Extracting by manifest.
177 silly tarball no local data for @emnapi/core@https://registry.npmjs.org/@emnapi/core/-/core-1.10.0.tgz. Extracting by manifest.
178 silly tarball no local data for @types/react-dom@https://registry.npmjs.org/@types/react-dom/-/react-dom-19.2.3.tgz. Extracting by manifest.
179 silly tarball no local data for react-dom@https://registry.npmjs.org/react-dom/-/react-dom-19.2.6.tgz. Extracting by manifest.
180 silly tarball no local data for @types/react@https://registry.npmjs.org/@types/react/-/react-19.2.14.tgz. Extracting by manifest.
181 silly tarball no local data for vite@https://registry.npmjs.org/vite/-/vite-8.0.3.tgz. Extracting by manifest.
182 silly tarball no local data for react@https://registry.npmjs.org/react/-/react-19.2.6.tgz. Extracting by manifest.
183 silly tarball no local data for typescript@https://registry.npmjs.org/typescript/-/typescript-6.0.2.tgz. Extracting by manifest.
184 silly tarball no local data for tslib@https://registry.npmjs.org/tslib/-/tslib-2.8.1.tgz. Extracting by manifest.
185 silly tarball no local data for tinyglobby@https://registry.npmjs.org/tinyglobby/-/tinyglobby-0.2.15.tgz. Extracting by manifest.
186 silly tarball no local data for rolldown@https://registry.npmjs.org/rolldown/-/rolldown-1.0.0-rc.12.tgz. Extracting by manifest.
187 silly tarball no local data for source-map-js@https://registry.npmjs.org/source-map-js/-/source-map-js-1.2.1.tgz. Extracting by manifest.
188 silly tarball no local data for postcss@https://registry.npmjs.org/postcss/-/postcss-8.5.8.tgz. Extracting by manifest.
189 silly tarball no local data for picomatch@https://registry.npmjs.org/picomatch/-/picomatch-4.0.4.tgz. Extracting by manifest.
190 silly tarball no local data for picocolors@https://registry.npmjs.org/picocolors/-/picocolors-1.1.1.tgz. Extracting by manifest.
191 silly tarball no local data for nanoid@https://registry.npmjs.org/nanoid/-/nanoid-3.3.11.tgz. Extracting by manifest.
192 silly tarball no local data for lightningcss-win32-x64-msvc@https://registry.npmjs.org/lightningcss-win32-x64-msvc/-/lightningcss-win32-x64-msvc-1.32.0.tgz. Extracting by manifest.
193 silly tarball no local data for @vitejs/plugin-react@https://registry.npmjs.org/@vitejs/plugin-react/-/plugin-react-6.0.1.tgz. Extracting by manifest.
194 silly tarball no local data for lightningcss@https://registry.npmjs.org/lightningcss/-/lightningcss-1.32.0.tgz. Extracting by manifest.
195 silly tarball no local data for fdir@https://registry.npmjs.org/fdir/-/fdir-6.5.0.tgz. Extracting by manifest.
196 silly tarball no local data for detect-libc@https://registry.npmjs.org/detect-libc/-/detect-libc-2.1.2.tgz. Extracting by manifest.
197 silly tarball no local data for @tybys/wasm-util@https://registry.npmjs.org/@tybys/wasm-util/-/wasm-util-0.10.1.tgz. Extracting by manifest.
198 silly tarball no local data for @rolldown/pluginutils@https://registry.npmjs.org/@rolldown/pluginutils/-/pluginutils-1.0.0-rc.7.tgz. Extracting by manifest.
199 silly tarball no local data for @napi-rs/wasm-runtime@https://registry.npmjs.org/@napi-rs/wasm-runtime/-/wasm-runtime-1.1.2.tgz. Extracting by manifest.
200 silly tarball no local data for @rolldown/binding-win32-x64-msvc@https://registry.npmjs.org/@rolldown/binding-win32-x64-msvc/-/binding-win32-x64-msvc-1.0.0-rc.12.tgz. Extracting by manifest.
201 silly tarball no local data for @oxc-project/types@https://registry.npmjs.org/@oxc-project/types/-/types-0.122.0.tgz. Extracting by manifest.
202 silly tarball no local data for @rolldown/pluginutils@https://registry.npmjs.org/@rolldown/pluginutils/-/pluginutils-1.0.0-rc.12.tgz. Extracting by manifest.
203 http fetch POST 200 https://registry.npmjs.org/-/npm/v1/security/advisories/bulk 422ms
204 timing auditReport:getReport Completed in 426ms
205 silly audit report {
205 silly audit report   postcss: [
205 silly audit report     {
205 silly audit report       id: 1117015,
205 silly audit report       url: 'https://github.com/advisories/GHSA-qx2v-qp2m-jg93',
205 silly audit report       title: 'PostCSS has XSS via Unescaped </style> in its CSS Stringify Output',
205 silly audit report       severity: 'moderate',
205 silly audit report       vulnerable_versions: '<8.5.10',
205 silly audit report       cwe: [Array],
205 silly audit report       cvss: [Object]
205 silly audit report     }
205 silly audit report   ],
205 silly audit report   vite: [
205 silly audit report     {
205 silly audit report       id: 1116231,
205 silly audit report       url: 'https://github.com/advisories/GHSA-4w7w-66w2-5vf9',
205 silly audit report       title: 'Vite Vulnerable to Path Traversal in Optimized Deps `.map` Handling',
205 silly audit report       severity: 'moderate',
205 silly audit report       vulnerable_versions: '>=8.0.0 <=8.0.4',
205 silly audit report       cwe: [Array],
205 silly audit report       cvss: [Object]
205 silly audit report     },
205 silly audit report     {
205 silly audit report       id: 1116233,
205 silly audit report       url: 'https://github.com/advisories/GHSA-v2wj-q39q-566r',
205 silly audit report       title: 'Vite: `server.fs.deny` bypassed with queries',
205 silly audit report       severity: 'high',
205 silly audit report       vulnerable_versions: '>=8.0.0 <=8.0.4',
205 silly audit report       cwe: [Array],
205 silly audit report       cvss: [Object]
205 silly audit report     },
205 silly audit report     {
205 silly audit report       id: 1116236,
205 silly audit report       url: 'https://github.com/advisories/GHSA-p9ff-h696-f583',
205 silly audit report       title: 'Vite Vulnerable to Arbitrary File Read via Vite Dev Server WebSocket',
205 silly audit report       severity: 'high',
205 silly audit report       vulnerable_versions: '>=8.0.0 <=8.0.4',
205 silly audit report       cwe: [Array],
205 silly audit report       cvss: [Object]
205 silly audit report     }
205 silly audit report   ]
205 silly audit report }
206 timing metavuln:cache:get:security-advisory:postcss:685RVq5xScaqegAXk2BRJrsMaZmsz1d/volUoA67iVw3AvHhUlX03u+VPRrmo8iuObcSDvuZF+fuiOnLC9L1uA== Completed in 35ms
207 timing metavuln:cache:get:security-advisory:vite:4XUMUtU4wyKMhgaqDs2Hp0cJJM6636/8P9Eb9hVwRPEo6JnYPLOQSY36rgSGM13T+XP0kNzVapgKJfoQeKiZrQ== Completed in 33ms
208 timing metavuln:cache:get:security-advisory:vite:NeQ0v7RHtjbapd/yi4pSCJKImP72n18AvSplKsvN5O7STklhNIJsimXrdT8wxpQ3ixTmPN0WyzyN5JFq3J0DDw== Completed in 33ms
209 timing metavuln:cache:get:security-advisory:vite:fvv/1D7k5nXfS8BBUOCWEhvQoYZoR754JB7acdJuILF5T+bOhgGIndhfhcuvSo3IVc6OhWHbU3kQLoUqJ/6dXw== Completed in 32ms
210 http fetch GET 200 https://registry.npmjs.org/picocolors/-/picocolors-1.1.1.tgz 784ms (cache miss)
211 timing reifyNode:node_modules/picocolors Completed in 890ms
212 http fetch GET 200 https://registry.npmjs.org/tinyglobby/-/tinyglobby-0.2.15.tgz 872ms (cache miss)
213 timing reifyNode:node_modules/tinyglobby Completed in 963ms
214 http fetch GET 200 https://registry.npmjs.org/fdir/-/fdir-6.5.0.tgz 918ms (cache miss)
215 http fetch GET 200 https://registry.npmjs.org/detect-libc/-/detect-libc-2.1.2.tgz 929ms (cache miss)
216 timing reifyNode:node_modules/fdir Completed in 998ms
217 timing reifyNode:node_modules/detect-libc Completed in 1024ms
218 http fetch GET 200 https://registry.npmjs.org/@oxc-project/types/-/types-0.122.0.tgz 1036ms (cache miss)
219 timing reifyNode:node_modules/@oxc-project/types Completed in 1108ms
220 http fetch GET 200 https://registry.npmjs.org/postcss 724ms (cache miss)
221 timing metavuln:packument:postcss Completed in 733ms
222 timing metavuln:load:security-advisory:postcss:1117015 Completed in 18ms
223 http fetch GET 200 https://registry.npmjs.org/scheduler/-/scheduler-0.27.0.tgz 1215ms (cache miss)
224 timing reifyNode:node_modules/scheduler Completed in 1286ms
225 http fetch GET 200 https://registry.npmjs.org/@types/react-dom/-/react-dom-19.2.3.tgz 1333ms (cache miss)
226 timing metavuln:cache:put:security-advisory:postcss:685RVq5xScaqegAXk2BRJrsMaZmsz1d/volUoA67iVw3AvHhUlX03u+VPRrmo8iuObcSDvuZF+fuiOnLC9L1uA== Completed in 210ms
227 timing metavuln:calculate:security-advisory:postcss:1117015 Completed in 963ms
228 timing reifyNode:node_modules/@types/react-dom Completed in 1419ms
229 http fetch GET 200 https://registry.npmjs.org/tslib/-/tslib-2.8.1.tgz 1394ms (cache miss)
230 timing reifyNode:node_modules/tslib Completed in 1449ms
231 http fetch GET 200 https://registry.npmjs.org/@emnapi/wasi-threads/-/wasi-threads-1.2.1.tgz 1563ms (cache miss)
232 timing reifyNode:node_modules/@emnapi/wasi-threads Completed in 1616ms
233 http fetch GET 200 https://registry.npmjs.org/@vitejs/plugin-react/-/plugin-react-6.0.1.tgz 1565ms (cache miss)
234 timing reifyNode:node_modules/@vitejs/plugin-react Completed in 1624ms
235 http fetch GET 200 https://registry.npmjs.org/nanoid/-/nanoid-3.3.11.tgz 1683ms (cache miss)
236 timing reifyNode:node_modules/nanoid Completed in 1768ms
237 http fetch GET 200 https://registry.npmjs.org/@rolldown/pluginutils/-/pluginutils-1.0.0-rc.12.tgz 1726ms (cache miss)
238 timing reifyNode:node_modules/rolldown/node_modules/@rolldown/pluginutils Completed in 1816ms
239 http fetch GET 200 https://registry.npmjs.org/source-map-js/-/source-map-js-1.2.1.tgz 1810ms (cache miss)
240 timing reifyNode:node_modules/source-map-js Completed in 1866ms
241 http fetch GET 200 https://registry.npmjs.org/@types/react/-/react-19.2.14.tgz 1836ms (cache miss)
242 timing reifyNode:node_modules/@types/react Completed in 1886ms
243 http fetch GET 200 https://registry.npmjs.org/@emnapi/runtime/-/runtime-1.10.0.tgz 1845ms (cache miss)
244 timing reifyNode:node_modules/@emnapi/runtime Completed in 1906ms
245 http fetch GET 200 https://registry.npmjs.org/lightningcss/-/lightningcss-1.32.0.tgz 1859ms (cache miss)
246 timing reifyNode:node_modules/lightningcss Completed in 1919ms
247 http fetch GET 200 https://registry.npmjs.org/picomatch/-/picomatch-4.0.4.tgz 1867ms (cache miss)
248 timing reifyNode:node_modules/picomatch Completed in 1923ms
249 http fetch GET 200 https://registry.npmjs.org/react/-/react-19.2.6.tgz 1933ms (cache miss)
250 timing reifyNode:node_modules/react Completed in 1986ms
251 http fetch GET 200 https://registry.npmjs.org/csstype/-/csstype-3.2.3.tgz 1974ms (cache miss)
252 timing reifyNode:node_modules/csstype Completed in 2018ms
253 http fetch GET 200 https://registry.npmjs.org/@rolldown/pluginutils/-/pluginutils-1.0.0-rc.7.tgz 2015ms (cache miss)
254 timing reifyNode:node_modules/@rolldown/pluginutils Completed in 2076ms
255 http fetch GET 200 https://registry.npmjs.org/vite 1894ms (cache miss)
256 timing metavuln:packument:vite Completed in 1949ms
257 timing metavuln:load:security-advisory:vite:1116231 Completed in 54ms
258 timing metavuln:load:security-advisory:vite:1116233 Completed in 47ms
259 timing metavuln:load:security-advisory:vite:1116236 Completed in 29ms
260 timing metavuln:cache:put:security-advisory:vite:4XUMUtU4wyKMhgaqDs2Hp0cJJM6636/8P9Eb9hVwRPEo6JnYPLOQSY36rgSGM13T+XP0kNzVapgKJfoQeKiZrQ== Completed in 158ms
261 timing metavuln:calculate:security-advisory:vite:1116231 Completed in 2162ms
262 timing metavuln:cache:put:security-advisory:vite:NeQ0v7RHtjbapd/yi4pSCJKImP72n18AvSplKsvN5O7STklhNIJsimXrdT8wxpQ3ixTmPN0WyzyN5JFq3J0DDw== Completed in 114ms
263 timing metavuln:calculate:security-advisory:vite:1116233 Completed in 2166ms
264 timing metavuln:cache:put:security-advisory:vite:fvv/1D7k5nXfS8BBUOCWEhvQoYZoR754JB7acdJuILF5T+bOhgGIndhfhcuvSo3IVc6OhWHbU3kQLoUqJ/6dXw== Completed in 85ms
265 timing metavuln:calculate:security-advisory:vite:1116236 Completed in 2166ms
266 timing metavuln:cache:get:security-advisory:vite:anAQVIv9ku7SlSaOcqOIP5rn3R+PQqZRf2y4CHP3RuDjlGzMadSoRFi0ZZoT4by8hMtVpmy7xPCXBY2D5grCIA== Completed in 3ms
267 timing metavuln:load:security-advisory:vite:685RVq5xScaqegAXk2BRJrsMaZmsz1d/volUoA67iVw3AvHhUlX03u+VPRrmo8iuObcSDvuZF+fuiOnLC9L1uA== Completed in 212ms
268 timing metavuln:cache:put:security-advisory:vite:anAQVIv9ku7SlSaOcqOIP5rn3R+PQqZRf2y4CHP3RuDjlGzMadSoRFi0ZZoT4by8hMtVpmy7xPCXBY2D5grCIA== Completed in 63ms
269 timing metavuln:calculate:security-advisory:vite:685RVq5xScaqegAXk2BRJrsMaZmsz1d/volUoA67iVw3AvHhUlX03u+VPRrmo8iuObcSDvuZF+fuiOnLC9L1uA== Completed in 279ms
270 timing metavuln:cache:get:security-advisory:@vitejs/plugin-react:G9Ntk7g16IZmVy50oO9qCYc1k0QWLxVkSy6vYGOtOQpuB4/GSx4testIOKPubcmvgKxGd25LD6PgD6MfVRTVYg== Completed in 6ms
271 http fetch GET 200 https://registry.npmjs.org/@emnapi/core/-/core-1.10.0.tgz 2839ms (cache miss)
272 timing reifyNode:node_modules/@emnapi/core Completed in 2893ms
273 http fetch GET 200 https://registry.npmjs.org/@tybys/wasm-util/-/wasm-util-0.10.1.tgz 2908ms (cache miss)
274 timing reifyNode:node_modules/@tybys/wasm-util Completed in 2972ms
275 http fetch GET 200 https://registry.npmjs.org/postcss/-/postcss-8.5.8.tgz 2920ms (cache miss)
276 timing reifyNode:node_modules/postcss Completed in 2988ms
277 http fetch GET 200 https://registry.npmjs.org/@vitejs%2fplugin-react 145ms (cache miss)
278 timing metavuln:packument:@vitejs/plugin-react Completed in 148ms
279 timing metavuln:load:security-advisory:@vitejs/plugin-react:4XUMUtU4wyKMhgaqDs2Hp0cJJM6636/8P9Eb9hVwRPEo6JnYPLOQSY36rgSGM13T+XP0kNzVapgKJfoQeKiZrQ== Completed in 91ms
280 timing metavuln:cache:put:security-advisory:@vitejs/plugin-react:G9Ntk7g16IZmVy50oO9qCYc1k0QWLxVkSy6vYGOtOQpuB4/GSx4testIOKPubcmvgKxGd25LD6PgD6MfVRTVYg== Completed in 53ms
281 timing metavuln:calculate:security-advisory:@vitejs/plugin-react:4XUMUtU4wyKMhgaqDs2Hp0cJJM6636/8P9Eb9hVwRPEo6JnYPLOQSY36rgSGM13T+XP0kNzVapgKJfoQeKiZrQ== Completed in 293ms
282 timing auditReport:init Completed in 2749ms
283 timing reify:audit Completed in 3177ms
284 http fetch GET 200 https://registry.npmjs.org/rolldown/-/rolldown-1.0.0-rc.12.tgz 3141ms (cache miss)
285 timing reifyNode:node_modules/rolldown Completed in 3199ms
286 http fetch GET 200 https://registry.npmjs.org/vite/-/vite-8.0.3.tgz 3268ms (cache miss)
287 timing reifyNode:node_modules/vite Completed in 3319ms
288 http fetch GET 200 https://registry.npmjs.org/@napi-rs/wasm-runtime/-/wasm-runtime-1.1.2.tgz 3272ms (cache miss)
289 timing reifyNode:node_modules/@napi-rs/wasm-runtime Completed in 3337ms
290 http fetch GET 200 https://registry.npmjs.org/lightningcss-win32-x64-msvc/-/lightningcss-win32-x64-msvc-1.32.0.tgz 3731ms (cache miss)
291 timing reifyNode:node_modules/lightningcss-win32-x64-msvc Completed in 3789ms
292 http fetch GET 200 https://registry.npmjs.org/react-dom/-/react-dom-19.2.6.tgz 3941ms (cache miss)
293 timing reifyNode:node_modules/react-dom Completed in 3991ms
294 http fetch GET 200 https://registry.npmjs.org/@rolldown/binding-win32-x64-msvc/-/binding-win32-x64-msvc-1.0.0-rc.12.tgz 5162ms (cache miss)
295 timing reifyNode:node_modules/@rolldown/binding-win32-x64-msvc Completed in 5224ms
296 http fetch GET 200 https://registry.npmjs.org/typescript/-/typescript-6.0.2.tgz 5349ms (cache miss)
297 timing reifyNode:node_modules/typescript Completed in 5404ms
298 timing reify:unpack Completed in 5405ms
299 timing reify:unretire Completed in 2ms
300 timing build:queue Completed in 15ms
301 timing build:link:node_modules/nanoid Completed in 37ms
302 timing build:link:node_modules/rolldown Completed in 38ms
303 timing build:link:node_modules/typescript Completed in 38ms
304 timing build:link:node_modules/vite Completed in 37ms
305 timing build:link Completed in 41ms
306 timing build:deps Completed in 58ms
307 timing build:queue Completed in 2ms
308 timing build:links Completed in 2ms
309 timing build Completed in 61ms
310 timing reify:build Completed in 62ms
311 timing reify:trash Completed in 52ms
312 timing reify:save Completed in 55ms
313 timing reify Completed in 9392ms
314 silly ADD node_modules/scheduler
315 silly ADD node_modules/csstype
316 silly ADD
317 silly ADD
318 silly ADD
319 silly ADD node_modules/react-dom
320 silly ADD node_modules/react
321 silly ADD node_modules/@types/react-dom
322 silly ADD node_modules/@types/react
323 silly ADD node_modules/reveal.js
324 silly ADD node_modules/vite
325 silly ADD node_modules/typescript
326 silly ADD
327 silly ADD node_modules/tinyglobby
328 silly ADD node_modules/source-map-js
329 silly ADD node_modules/rolldown
330 silly ADD node_modules/rolldown/node_modules/@rolldown/pluginutils
331 silly ADD node_modules/postcss
332 silly ADD node_modules/picomatch
333 silly ADD node_modules/picocolors
334 silly ADD node_modules/nanoid
335 silly ADD node_modules/lightningcss-win32-x64-msvc
336 silly ADD
337 silly ADD
338 silly ADD
339 silly ADD
340 silly ADD
341 silly ADD
342 silly ADD
343 silly ADD
344 silly ADD
345 silly ADD
346 silly ADD node_modules/lightningcss
347 silly ADD
348 silly ADD node_modules/fdir
349 silly ADD node_modules/detect-libc
350 silly ADD node_modules/@vitejs/plugin-react
351 silly ADD
352 silly ADD node_modules/@rolldown/pluginutils
353 silly ADD node_modules/@rolldown/binding-win32-x64-msvc
354 silly ADD
355 silly ADD
356 silly ADD
357 silly ADD
358 silly ADD
359 silly ADD
360 silly ADD
361 silly ADD
362 silly ADD
363 silly ADD
364 silly ADD
365 silly ADD
366 silly ADD
367 silly ADD
368 silly ADD node_modules/@oxc-project/types
369 silly ADD
370 timing command:install Completed in 9451ms
371 notice
371 notice New major version of npm available! 10.2.3 -> 11.14.1
371 notice Changelog: <https://github.com/npm/cli/releases/tag/v11.14.1>
371 notice Run `npm install -g npm@11.14.1` to update!
371 notice
372 verbose exit 0
373 timing npm Completed in 12805ms
374 info ok
